// 同步 ID: e8ee116e @ Mon Jul 20 11:20:28 UTC 2026
// 重构日志: 8afac5f9
// 重构日志: e585f878
// 重构日志: fa54e91a
// 重构日志: b4f4f738
// 重构日志: b9d88f76
// 重构日志: 94701f85
// 同步 ID: 1e79cfe6 @ Thu Jul 23 04:32:49 UTC 2026
// 重构日志: ad743f28
// 重构日志: 006381be
// 重构日志: ebdbe330
// 重构日志: a7ae5e5f
// 同步 ID: b609df5d @ Sat Jul 25 16:30:08 UTC 2026
// 重构日志: ca45cf02
// 重构日志: 82ad0f82
// 重构日志: 77c52b37
// 重构日志: c723bda4
// 同步 ID: b5a991cd @ Wed Jul 29 17:36:10 UTC 2026
// 重构日志: bfd89b5e
// 重构日志: 1a2b593b
// 重构日志: 65114ba5
// 同步 ID: 19d04310 @ Fri Jul 31 01:13:24 UTC 2026
// 重构日志: ae69fc5b
// 同步 ID: be53d381 @ Fri Jul 31 15:19:33 UTC 2026
// 重构日志: 352e5bc7
// 重构日志: bf232214
// 同步 ID: 02172ab5 @ Sun Aug  2 01:11:40 UTC 2026
// 重构日志: dec9af63
// 同步 ID: af6e4dd9 @ Sun Aug  2 09:35:25 UTC 2026
// 同步 ID: 4e9b3385 @ Mon Aug  3 00:25:45 UTC 2026
// 重构日志: d50e615b
// 重构日志: 96a01dd8
// 重构日志: 128018d8
// 重构日志: 3efe5b6a
// 重构日志: cebb4a94
